{"level":"INFO","time":"2026-01-31 17:56:02","line":"nacos/impl.go:78","msg":"[Nacos ConfigCenter] New Nacos ConfigCenter with Configuration: &{BaseDynamicConfiguration:{} url:0x14000268540 rootPath: wg:{noCopy:{} state:{_:{} _:{} v:0} sema:0} cltLock:{_:{} mu:{state:0 sema:0}} done:0x14000426e00 client:<nil> keyListeners:{_:{} m:{inited:{_:{} v:0} initMu:{state:0 sema:0} root:{_:[] _:{} v:<nil>} keyHash:<nil> valEqual:<nil> seed:0}} parser:<nil>}, url = nacos://nacos:lJPQwjjO9k@127.0.0.1:8848?config-center.appId=dubbo&config-center.cluster=&config-center.group=DEFAULT_GROUP&config-center.namespace=public&config-center.timeout=10s&nacos.access=&nacos.group=DEFAULT_GROUP&nacos.namespaceId=public&nacos.password=lJPQwjjO9k&nacos.secret=&nacos.timeout=10s&nacos.username=nacos&remote-client-name=dubbo.config-center-nacos-127.0.0.1%3A8848"}
{"level":"INFO","time":"2026-01-31 17:57:28","line":"nacos/impl.go:78","msg":"[Nacos ConfigCenter] New Nacos ConfigCenter with Configuration: &{BaseDynamicConfiguration:{} url:0x1400025c380 rootPath: wg:{noCopy:{} state:{_:{} _:{} v:0} sema:0} cltLock:{_:{} mu:{state:0 sema:0}} done:0x14000084bd0 client:<nil> keyListeners:{_:{} m:{inited:{_:{} v:0} initMu:{state:0 sema:0} root:{_:[] _:{} v:<nil>} keyHash:<nil> valEqual:<nil> seed:0}} parser:<nil>}, url = nacos://nacos:lJPQwjjO9k@127.0.0.1:8848?config-center.appId=dubbo&config-center.cluster=&config-center.group=DEFAULT_GROUP&config-center.namespace=public&config-center.timeout=10s&nacos.access=&nacos.group=DEFAULT_GROUP&nacos.namespaceId=public&nacos.password=lJPQwjjO9k&nacos.secret=&nacos.timeout=10s&nacos.username=nacos&remote-client-name=dubbo.config-center-nacos-127.0.0.1%3A8848"}
{"level":"INFO","time":"2026-01-31 17:58:29","line":"nacos/impl.go:78","msg":"[Nacos ConfigCenter] New Nacos ConfigCenter with Configuration: &{BaseDynamicConfiguration:{} url:0x140007be2a0 rootPath: wg:{noCopy:{} state:{_:{} _:{} v:0} sema:0} cltLock:{_:{} mu:{state:0 sema:0}} done:0x140007aa380 client:<nil> keyListeners:{_:{} m:{inited:{_:{} v:0} initMu:{state:0 sema:0} root:{_:[] _:{} v:<nil>} keyHash:<nil> valEqual:<nil> seed:0}} parser:<nil>}, url = nacos://nacos:lJPQwjjO9k@127.0.0.1:8848?config-center.appId=dubbo&config-center.cluster=&config-center.group=DEFAULT_GROUP&config-center.namespace=public&config-center.timeout=10s&nacos.access=&nacos.group=DEFAULT_GROUP&nacos.namespaceId=public&nacos.password=lJPQwjjO9k&nacos.secret=&nacos.timeout=10s&nacos.username=nacos&remote-client-name=dubbo.config-center-nacos-127.0.0.1%3A8848"}
{"level":"INFO","time":"2026-01-31 18:01:23","line":"nacos/impl.go:78","msg":"[Nacos ConfigCenter] New Nacos ConfigCenter with Configuration: &{BaseDynamicConfiguration:{} url:0x140002ac620 rootPath: wg:{noCopy:{} state:{_:{} _:{} v:0} sema:0} cltLock:{_:{} mu:{state:0 sema:0}} done:0x14000084e00 client:<nil> keyListeners:{_:{} m:{inited:{_:{} v:0} initMu:{state:0 sema:0} root:{_:[] _:{} v:<nil>} keyHash:<nil> valEqual:<nil> seed:0}} parser:<nil>}, url = nacos://nacos:lJPQwjjO9k@127.0.0.1:8848?config-center.appId=dubbo&config-center.cluster=&config-center.group=DEFAULT_GROUP&config-center.namespace=public&config-center.timeout=10s&nacos.access=&nacos.group=DEFAULT_GROUP&nacos.namespaceId=public&nacos.password=lJPQwjjO9k&nacos.secret=&nacos.timeout=10s&nacos.username=nacos&remote-client-name=dubbo.config-center-nacos-127.0.0.1%3A8848"}
{"level":"INFO","time":"2026-01-31 18:05:31","line":"nacos/impl.go:78","msg":"[Nacos ConfigCenter] New Nacos ConfigCenter with Configuration: &{BaseDynamicConfiguration:{} url:0x14000234380 rootPath: wg:{noCopy:{} state:{_:{} _:{} v:0} sema:0} cltLock:{_:{} mu:{state:0 sema:0}} done:0x14000a02380 client:<nil> keyListeners:{_:{} m:{inited:{_:{} v:0} initMu:{state:0 sema:0} root:{_:[] _:{} v:<nil>} keyHash:<nil> valEqual:<nil> seed:0}} parser:<nil>}, url = nacos://nacos:lJPQwjjO9k@127.0.0.1:8848?config-center.appId=dubbo&config-center.cluster=&config-center.group=DEFAULT_GROUP&config-center.namespace=public&config-center.timeout=10s&nacos.access=&nacos.group=DEFAULT_GROUP&nacos.namespaceId=public&nacos.password=lJPQwjjO9k&nacos.secret=&nacos.timeout=10s&nacos.username=nacos&remote-client-name=dubbo.config-center-nacos-127.0.0.1%3A8848"}
{"level":"WARN","time":"2026-01-31 18:05:31","line":"common/rpc_service.go:382","msg":"method Resume of mtype func(*health.HealthTripleServer) has wrong number of in out parameters 0; needs exactly 1/2"}
{"level":"WARN","time":"2026-01-31 18:05:31","line":"common/rpc_service.go:382","msg":"method SetServingStatus of mtype func(*health.HealthTripleServer, string, triple_health.HealthCheckResponse_ServingStatus) has wrong number of in out parameters 0; needs exactly 1/2"}
{"level":"WARN","time":"2026-01-31 18:05:31","line":"common/rpc_service.go:382","msg":"method Shutdown of mtype func(*health.HealthTripleServer) has wrong number of in out parameters 0; needs exactly 1/2"}
{"level":"INFO","time":"2026-01-31 18:05:31","line":"triple/triple.go:67","msg":"[TRIPLE Protocol] Export service: tri://:50051/grpc.health.v1.Health?accesslog=&app.version=&application=order-service&application.tag=&auth=&bean.name=HealthCheckServer&cluster=failover&config.tracing=&environment=&execute.limit=&execute.limit.rejected.handler=&export=true&interface=grpc.health.v1.Health&loadbalance=random&max-server-recv-msg-size=4mib&max-server-send-msg-size=&metadata-type=local&module=sample&name=order-service&organization=dubbo-go&owner=dubbo-go&param.sign=&pid=37181&registry.role=3&release=dubbo-golang-3.2.0&retries=&serialization=&service.filter=echo%2Ctoken%2Caccesslog%2Ctps%2Cgeneric_service%2Cexecute%2Cpshutdown&side=provider&timestamp=1769853931&tps.limit.interval=&tps.limit.rate=&tps.limit.rejected.handler=&tps.limit.strategy=&tps.limiter=&warmup="}
{"level":"INFO","time":"2026-01-31 18:05:31","line":"triple/triple.go:67","msg":"[TRIPLE Protocol] Export service: tri://:50051/grpc.reflection.v1alpha.ServerReflection?accesslog=&app.version=&application=order-service&application.tag=&auth=&bean.name=ReflectionServer&cluster=failover&config.tracing=&environment=&execute.limit=&execute.limit.rejected.handler=&export=true&interface=grpc.reflection.v1alpha.ServerReflection&loadbalance=random&max-server-recv-msg-size=4mib&max-server-send-msg-size=&metadata-type=local&module=sample&name=order-service&organization=dubbo-go&owner=dubbo-go&param.sign=&pid=37181&registry.role=3&release=dubbo-golang-3.2.0&retries=&serialization=&service.filter=echo%2Ctoken%2Caccesslog%2Ctps%2Cgeneric_service%2Cexecute%2Cpshutdown&side=provider&timestamp=1769853931&tps.limit.interval=&tps.limit.rate=&tps.limit.rejected.handler=&tps.limit.strategy=&tps.limiter=&warmup="}
{"level":"WARN","time":"2026-01-31 18:05:31","line":"config/metadata_config.go:70","msg":"[Metadata Service] Dubbo-go 3.2.0 version's MetadataService only support dubbo protocol,MetadataService will use random port"}
{"level":"INFO","time":"2026-01-31 18:05:31","line":"dubbo/dubbo_protocol.go:84","msg":"[DUBBO Protocol] Export service: dubbo://:63310/org.apache.dubbo.metadata.MetadataService?bean.name=MetadataService&group=order-service&interface=org.apache.dubbo.metadata.MetadataService&metadata-type=local&release=3.2.0&serialization=hessian2&side=provider&version=1.0.0"}
{"level":"INFO","time":"2026-01-31 18:05:31","line":"nacos/builder.go:124","msg":"[Nacos Client] New nacos client with config = [{Scheme: ContextPath: IpAddr:localhost Port:8848 GrpcPort:0}]"}
{"level":"INFO","time":"2026-01-31 18:05:31","line":"servicediscovery/service_discovery_registry.go:229","msg":"Find initial mapping applications \"HashSet\\ndubbo\" for service account.AccountService."}
{"level":"INFO","time":"2026-01-31 18:05:31","line":"nacos/builder.go:124","msg":"[Nacos Client] New nacos client with config = [{Scheme: ContextPath: IpAddr:localhost Port:8848 GrpcPort:0}]"}
{"level":"INFO","time":"2026-01-31 18:05:31","line":"servicediscovery/service_discovery_registry.go:254","msg":"Synchronized instance notification on application dubbo subscription, instance list size %!s(int=1)"}
{"level":"INFO","time":"2026-01-31 18:05:31","line":"servicediscovery/service_instances_changed_listener_impl.go:100","msg":"Received instance notification event of service dubbo, instance list size 1"}
{"level":"INFO","time":"2026-01-31 18:05:31","line":"directory/directory.go:305","msg":"[Registry Directory] selector add service url{tri://192.168.110.177:20880/account.AccountService?application=dubbo&cluster=failover&dubbo.tag=&interface=account.AccountService&loadbalance=random&methods=CreateUser%2CcreateUser%2CGetUser%2CgetUser%2CValidateToken%2CvalidateToken&release=dubbo-golang-3.2.0&timestamp=1769850466}"}
{"level":"INFO","time":"2026-01-31 18:05:31","line":"triple/triple.go:124","msg":"[TRIPLE Protocol] Refer service: tri://192.168.110.177:20880/account.AccountService?app.version=&application=dubbo&async=false&bean.name=account.AccountService&cluster=failover&config.tracing=&dubbo.tag=&environment=&generic=&group=&interface=account.AccountService&keep-alive-interval=&keep-alive-timeout=&loadbalance=random&metadata-type=local&methods=CreateUser%2CcreateUser%2CGetUser%2CgetUser%2CValidateToken%2CvalidateToken&module=sample&name=dubbo.io&organization=dubbo-go&owner=dubbo-go&provided-by=&reference.filter=cshutdown&registry.role=0&release=dubbo-golang-3.2.0&retries=&serialization=protobuf&side=consumer&sticky=false&timeout=3s&timestamp=1769850466&version="}
{"level":"INFO","time":"2026-01-31 18:05:31","line":"tag/router.go:98","msg":"router rule is empty,key=dubbo.tag-router"}
{"level":"INFO","time":"2026-01-31 18:05:31","line":"condition/dynamic_router.go:312","msg":"Condition rule is empty, key=account.AccountService::.condition-router"}
{"level":"INFO","time":"2026-01-31 18:05:31","line":"condition/dynamic_router.go:378","msg":"Condition rule is empty, key=dubbo.condition-router"}
{"level":"INFO","time":"2026-01-31 18:05:31","line":"servicediscovery/service_discovery_registry.go:268","msg":"Start subscribing to registry for applications :HashSet\ndubbo with a new go routine."}
{"level":"INFO","time":"2026-01-31 18:05:32","line":"servicediscovery/service_instances_changed_listener_impl.go:100","msg":"Received instance notification event of service dubbo, instance list size 1"}
{"level":"INFO","time":"2026-01-31 18:05:32","line":"tag/router.go:98","msg":"router rule is empty,key=dubbo.tag-router"}
{"level":"INFO","time":"2026-01-31 18:05:32","line":"condition/dynamic_router.go:312","msg":"Condition rule is empty, key=account.AccountService::.condition-router"}
{"level":"INFO","time":"2026-01-31 18:05:42","line":"servicediscovery/service_instances_changed_listener_impl.go:100","msg":"Received instance notification event of service dubbo, instance list size 1"}
{"level":"INFO","time":"2026-01-31 18:05:42","line":"tag/router.go:98","msg":"router rule is empty,key=dubbo.tag-router"}
{"level":"INFO","time":"2026-01-31 18:05:42","line":"condition/dynamic_router.go:312","msg":"Condition rule is empty, key=account.AccountService::.condition-router"}
{"level":"INFO","time":"2026-01-31 18:05:52","line":"servicediscovery/service_instances_changed_listener_impl.go:100","msg":"Received instance notification event of service dubbo, instance list size 1"}
{"level":"INFO","time":"2026-01-31 18:05:52","line":"tag/router.go:98","msg":"router rule is empty,key=dubbo.tag-router"}
{"level":"INFO","time":"2026-01-31 18:05:52","line":"condition/dynamic_router.go:312","msg":"Condition rule is empty, key=account.AccountService::.condition-router"}
{"level":"INFO","time":"2026-01-31 18:06:03","line":"servicediscovery/service_instances_changed_listener_impl.go:100","msg":"Received instance notification event of service dubbo, instance list size 1"}
{"level":"INFO","time":"2026-01-31 18:06:03","line":"tag/router.go:98","msg":"router rule is empty,key=dubbo.tag-router"}
{"level":"INFO","time":"2026-01-31 18:06:03","line":"condition/dynamic_router.go:312","msg":"Condition rule is empty, key=account.AccountService::.condition-router"}
{"level":"INFO","time":"2026-01-31 18:06:03","line":"graceful_shutdown/shutdown.go:91","msg":"get signal interrupt, applicationConfig will shutdown."}
{"level":"INFO","time":"2026-01-31 18:06:03","line":"graceful_shutdown/shutdown.go:150","msg":"Graceful shutdown --- Destroy all registriesConfig. "}
{"level":"INFO","time":"2026-01-31 18:06:03","line":"graceful_shutdown/shutdown.go:156","msg":"Graceful shutdown --- Keep waiting and accept new requests for a short time. "}
{"level":"INFO","time":"2026-01-31 18:06:03","line":"config/graceful_shutdown.go:81","msg":"get signal interrupt, applicationConfig will shutdown."}
{"level":"INFO","time":"2026-01-31 18:06:03","line":"config/graceful_shutdown.go:121","msg":"Graceful shutdown --- Destroy all registriesConfig. "}
{"level":"INFO","time":"2026-01-31 18:06:03","line":"config/graceful_shutdown.go:162","msg":"Graceful shutdown --- Keep waiting and accept new requests for a short time. "}
{"level":"WARN","time":"2026-01-31 18:06:15","line":"common/rpc_service.go:382","msg":"method Resume of mtype func(*health.HealthTripleServer) has wrong number of in out parameters 0; needs exactly 1/2"}
{"level":"WARN","time":"2026-01-31 18:06:15","line":"common/rpc_service.go:382","msg":"method SetServingStatus of mtype func(*health.HealthTripleServer, string, triple_health.HealthCheckResponse_ServingStatus) has wrong number of in out parameters 0; needs exactly 1/2"}
{"level":"WARN","time":"2026-01-31 18:06:15","line":"common/rpc_service.go:382","msg":"method Shutdown of mtype func(*health.HealthTripleServer) has wrong number of in out parameters 0; needs exactly 1/2"}
{"level":"WARN","time":"2026-01-31 18:06:15","line":"config/metadata_config.go:70","msg":"[Metadata Service] Dubbo-go 3.2.0 version's MetadataService only support dubbo protocol,MetadataService will use random port"}
{"level":"ERROR","time":"2026-01-31 18:06:59","line":"config/graceful_shutdown_config.go:110","msg":"The OfflineRequestWindowTimeout configuration is invalid: , and we will use the default value: 3s, err: time: invalid duration \"\""}
{"level":"ERROR","time":"2026-01-31 18:06:59","line":"graceful_shutdown/common.go:41","msg":"The OfflineRequestWindowTimeout configuration is invalid: , and we will use the default value: 3s, err: time: invalid duration \"\""}
{"level":"ERROR","time":"2026-01-31 18:06:59","line":"triple/server.go:104","msg":"server serve failed with err: http: Server closed"}
{"level":"INFO","time":"2026-01-31 18:07:07","line":"nacos/impl.go:78","msg":"[Nacos ConfigCenter] New Nacos ConfigCenter with Configuration: &{BaseDynamicConfiguration:{} url:0x1400025e380 rootPath: wg:{noCopy:{} state:{_:{} _:{} v:0} sema:0} cltLock:{_:{} mu:{state:0 sema:0}} done:0x14000640380 client:<nil> keyListeners:{_:{} m:{inited:{_:{} v:0} initMu:{state:0 sema:0} root:{_:[] _:{} v:<nil>} keyHash:<nil> valEqual:<nil> seed:0}} parser:<nil>}, url = nacos://nacos:lJPQwjjO9k@127.0.0.1:8848?config-center.appId=dubbo&config-center.cluster=&config-center.group=DEFAULT_GROUP&config-center.namespace=public&config-center.timeout=10s&nacos.access=&nacos.group=DEFAULT_GROUP&nacos.namespaceId=public&nacos.password=lJPQwjjO9k&nacos.secret=&nacos.timeout=10s&nacos.username=nacos&remote-client-name=dubbo.config-center-nacos-127.0.0.1%3A8848"}
{"level":"WARN","time":"2026-01-31 18:07:08","line":"common/rpc_service.go:382","msg":"method Resume of mtype func(*health.HealthTripleServer) has wrong number of in out parameters 0; needs exactly 1/2"}
{"level":"WARN","time":"2026-01-31 18:07:08","line":"common/rpc_service.go:382","msg":"method SetServingStatus of mtype func(*health.HealthTripleServer, string, triple_health.HealthCheckResponse_ServingStatus) has wrong number of in out parameters 0; needs exactly 1/2"}
{"level":"WARN","time":"2026-01-31 18:07:08","line":"common/rpc_service.go:382","msg":"method Shutdown of mtype func(*health.HealthTripleServer) has wrong number of in out parameters 0; needs exactly 1/2"}
{"level":"INFO","time":"2026-01-31 18:07:08","line":"triple/triple.go:67","msg":"[TRIPLE Protocol] Export service: tri://:50051/grpc.health.v1.Health?accesslog=&app.version=&application=order-service&application.tag=&auth=&bean.name=HealthCheckServer&cluster=failover&config.tracing=&environment=&execute.limit=&execute.limit.rejected.handler=&export=true&interface=grpc.health.v1.Health&loadbalance=random&max-server-recv-msg-size=4mib&max-server-send-msg-size=&metadata-type=local&module=sample&name=order-service&organization=dubbo-go&owner=dubbo-go&param.sign=&pid=37709&registry.role=3&release=dubbo-golang-3.2.0&retries=&serialization=&service.filter=echo%2Ctoken%2Caccesslog%2Ctps%2Cgeneric_service%2Cexecute%2Cpshutdown&side=provider&timestamp=1769854028&tps.limit.interval=&tps.limit.rate=&tps.limit.rejected.handler=&tps.limit.strategy=&tps.limiter=&warmup="}
{"level":"INFO","time":"2026-01-31 18:07:08","line":"triple/triple.go:67","msg":"[TRIPLE Protocol] Export service: tri://:50051/grpc.reflection.v1alpha.ServerReflection?accesslog=&app.version=&application=order-service&application.tag=&auth=&bean.name=ReflectionServer&cluster=failover&config.tracing=&environment=&execute.limit=&execute.limit.rejected.handler=&export=true&interface=grpc.reflection.v1alpha.ServerReflection&loadbalance=random&max-server-recv-msg-size=4mib&max-server-send-msg-size=&metadata-type=local&module=sample&name=order-service&organization=dubbo-go&owner=dubbo-go&param.sign=&pid=37709&registry.role=3&release=dubbo-golang-3.2.0&retries=&serialization=&service.filter=echo%2Ctoken%2Caccesslog%2Ctps%2Cgeneric_service%2Cexecute%2Cpshutdown&side=provider&timestamp=1769854028&tps.limit.interval=&tps.limit.rate=&tps.limit.rejected.handler=&tps.limit.strategy=&tps.limiter=&warmup="}
{"level":"WARN","time":"2026-01-31 18:07:08","line":"config/metadata_config.go:70","msg":"[Metadata Service] Dubbo-go 3.2.0 version's MetadataService only support dubbo protocol,MetadataService will use random port"}
{"level":"INFO","time":"2026-01-31 18:07:08","line":"dubbo/dubbo_protocol.go:84","msg":"[DUBBO Protocol] Export service: dubbo://:63466/org.apache.dubbo.metadata.MetadataService?bean.name=MetadataService&group=order-service&interface=org.apache.dubbo.metadata.MetadataService&metadata-type=local&release=3.2.0&serialization=hessian2&side=provider&version=1.0.0"}
{"level":"INFO","time":"2026-01-31 18:07:08","line":"nacos/builder.go:124","msg":"[Nacos Client] New nacos client with config = [{Scheme: ContextPath: IpAddr:localhost Port:8848 GrpcPort:0}]"}
{"level":"INFO","time":"2026-01-31 18:07:08","line":"servicediscovery/service_discovery_registry.go:229","msg":"Find initial mapping applications \"HashSet\\ndubbo\" for service account.AccountService."}
{"level":"INFO","time":"2026-01-31 18:07:08","line":"nacos/builder.go:124","msg":"[Nacos Client] New nacos client with config = [{Scheme: ContextPath: IpAddr:localhost Port:8848 GrpcPort:0}]"}
{"level":"INFO","time":"2026-01-31 18:07:08","line":"servicediscovery/service_discovery_registry.go:254","msg":"Synchronized instance notification on application dubbo subscription, instance list size %!s(int=1)"}
{"level":"INFO","time":"2026-01-31 18:07:08","line":"servicediscovery/service_instances_changed_listener_impl.go:100","msg":"Received instance notification event of service dubbo, instance list size 1"}
{"level":"INFO","time":"2026-01-31 18:07:08","line":"directory/directory.go:305","msg":"[Registry Directory] selector add service url{tri://192.168.110.177:20880/account.AccountService?application=dubbo&cluster=failover&dubbo.tag=&interface=account.AccountService&loadbalance=random&methods=CreateUser%2CcreateUser%2CGetUser%2CgetUser%2CValidateToken%2CvalidateToken&release=dubbo-golang-3.2.0&timestamp=1769850466}"}
{"level":"INFO","time":"2026-01-31 18:07:08","line":"triple/triple.go:124","msg":"[TRIPLE Protocol] Refer service: tri://192.168.110.177:20880/account.AccountService?app.version=&application=dubbo&async=false&bean.name=account.AccountService&cluster=failover&config.tracing=&dubbo.tag=&environment=&generic=&group=&interface=account.AccountService&keep-alive-interval=&keep-alive-timeout=&loadbalance=random&metadata-type=local&methods=CreateUser%2CcreateUser%2CGetUser%2CgetUser%2CValidateToken%2CvalidateToken&module=sample&name=dubbo.io&organization=dubbo-go&owner=dubbo-go&provided-by=&reference.filter=cshutdown&registry.role=0&release=dubbo-golang-3.2.0&retries=&serialization=protobuf&side=consumer&sticky=false&timeout=3s&timestamp=1769850466&version="}
{"level":"INFO","time":"2026-01-31 18:07:08","line":"tag/router.go:98","msg":"router rule is empty,key=dubbo.tag-router"}
{"level":"INFO","time":"2026-01-31 18:07:08","line":"condition/dynamic_router.go:312","msg":"Condition rule is empty, key=account.AccountService::.condition-router"}
{"level":"INFO","time":"2026-01-31 18:07:08","line":"condition/dynamic_router.go:378","msg":"Condition rule is empty, key=dubbo.condition-router"}
{"level":"INFO","time":"2026-01-31 18:07:08","line":"servicediscovery/service_discovery_registry.go:268","msg":"Start subscribing to registry for applications :HashSet\ndubbo with a new go routine."}
{"level":"INFO","time":"2026-01-31 18:07:08","line":"servicediscovery/service_instances_changed_listener_impl.go:100","msg":"Received instance notification event of service dubbo, instance list size 1"}
{"level":"INFO","time":"2026-01-31 18:07:08","line":"tag/router.go:98","msg":"router rule is empty,key=dubbo.tag-router"}
{"level":"INFO","time":"2026-01-31 18:07:08","line":"condition/dynamic_router.go:312","msg":"Condition rule is empty, key=account.AccountService::.condition-router"}
{"level":"INFO","time":"2026-01-31 18:07:19","line":"servicediscovery/service_instances_changed_listener_impl.go:100","msg":"Received instance notification event of service dubbo, instance list size 1"}
{"level":"INFO","time":"2026-01-31 18:07:19","line":"tag/router.go:98","msg":"router rule is empty,key=dubbo.tag-router"}
{"level":"INFO","time":"2026-01-31 18:07:19","line":"condition/dynamic_router.go:312","msg":"Condition rule is empty, key=account.AccountService::.condition-router"}
{"level":"INFO","time":"2026-01-31 18:07:29","line":"config/graceful_shutdown.go:81","msg":"get signal interrupt, applicationConfig will shutdown."}
{"level":"INFO","time":"2026-01-31 18:07:29","line":"config/graceful_shutdown.go:121","msg":"Graceful shutdown --- Destroy all registriesConfig. "}
{"level":"INFO","time":"2026-01-31 18:07:29","line":"graceful_shutdown/shutdown.go:91","msg":"get signal interrupt, applicationConfig will shutdown."}
{"level":"INFO","time":"2026-01-31 18:07:29","line":"config/graceful_shutdown.go:162","msg":"Graceful shutdown --- Keep waiting and accept new requests for a short time. "}
{"level":"INFO","time":"2026-01-31 18:07:29","line":"graceful_shutdown/shutdown.go:150","msg":"Graceful shutdown --- Destroy all registriesConfig. "}
{"level":"INFO","time":"2026-01-31 18:07:29","line":"graceful_shutdown/shutdown.go:156","msg":"Graceful shutdown --- Keep waiting and accept new requests for a short time. "}
{"level":"INFO","time":"2026-01-31 18:07:30","line":"servicediscovery/service_instances_changed_listener_impl.go:100","msg":"Received instance notification event of service dubbo, instance list size 1"}
{"level":"INFO","time":"2026-01-31 18:07:30","line":"tag/router.go:98","msg":"router rule is empty,key=dubbo.tag-router"}
{"level":"INFO","time":"2026-01-31 18:07:30","line":"condition/dynamic_router.go:312","msg":"Condition rule is empty, key=account.AccountService::.condition-router"}
{"level":"ERROR","time":"2026-01-31 18:07:32","line":"config/graceful_shutdown_config.go:110","msg":"The OfflineRequestWindowTimeout configuration is invalid: , and we will use the default value: 3s, err: time: invalid duration \"\""}
{"level":"INFO","time":"2026-01-31 18:07:32","line":"config/graceful_shutdown.go:196","msg":"Graceful shutdown --- Keep waiting until sending/accepting requests finish or timeout. "}
{"level":"ERROR","time":"2026-01-31 18:07:32","line":"graceful_shutdown/common.go:41","msg":"The OfflineRequestWindowTimeout configuration is invalid: , and we will use the default value: 3s, err: time: invalid duration \"\""}
{"level":"INFO","time":"2026-01-31 18:07:32","line":"config/graceful_shutdown.go:129","msg":"Graceful shutdown --- Destroy protocols. "}
{"level":"INFO","time":"2026-01-31 18:07:32","line":"graceful_shutdown/shutdown.go:186","msg":"Graceful shutdown --- Keep waiting until sending/accepting requests finish or timeout. "}
{"level":"INFO","time":"2026-01-31 18:07:32","line":"config/graceful_shutdown.go:144","msg":"Graceful shutdown --- First destroy provider's protocols. "}
{"level":"INFO","time":"2026-01-31 18:07:32","line":"graceful_shutdown/shutdown.go:208","msg":"Graceful shutdown --- Destroy protocols. "}
{"level":"INFO","time":"2026-01-31 18:07:32","line":"triple/triple.go:129","msg":"TripleProtocol destroy."}
{"level":"INFO","time":"2026-01-31 18:07:32","line":"triple/triple.go:129","msg":"TripleProtocol destroy."}
{"level":"ERROR","time":"2026-01-31 18:07:32","line":"triple/server.go:104","msg":"server serve failed with err: http: Server closed"}
{"level":"INFO","time":"2026-01-31 18:07:32","line":"protocol/invoker.go:93","msg":"Destroy invoker: tri://192.168.110.177:20880/account.AccountService?app.version=&application=dubbo&async=false&bean.name=account.AccountService&cluster=failover&config.tracing=&dubbo.tag=&environment=&generic=&group=&interface=account.AccountService&keep-alive-interval=&keep-alive-timeout=&loadbalance=random&metadata-type=local&methods=CreateUser%2CcreateUser%2CGetUser%2CgetUser%2CValidateToken%2CvalidateToken&module=sample&name=dubbo.io&organization=dubbo-go&owner=dubbo-go&provided-by=&reference.filter=cshutdown&registry.role=0&release=dubbo-golang-3.2.0&retries=&serialization=protobuf&side=consumer&sticky=false&timeout=3s&timestamp=1769850466&version="}
{"level":"INFO","time":"2026-01-31 18:07:32","line":"protocol/protocol.go:143","msg":"Exporter unexport."}
{"level":"INFO","time":"2026-01-31 18:07:32","line":"protocol/invoker.go:93","msg":"Destroy invoker: tri://:50051/grpc.reflection.v1alpha.ServerReflection?accesslog=&app.version=&application=order-service&application.tag=&auth=&bean.name=ReflectionServer&cluster=failover&config.tracing=&environment=&execute.limit=&execute.limit.rejected.handler=&export=true&interface=grpc.reflection.v1alpha.ServerReflection&loadbalance=random&max-server-recv-msg-size=4mib&max-server-send-msg-size=&metadata-type=local&module=sample&name=order-service&organization=dubbo-go&owner=dubbo-go&param.sign=&pid=37709&registry.role=3&release=dubbo-golang-3.2.0&retries=&serialization=&service.filter=echo%2Ctoken%2Caccesslog%2Ctps%2Cgeneric_service%2Cexecute%2Cpshutdown&side=provider&timestamp=1769854028&tps.limit.interval=&tps.limit.rate=&tps.limit.rejected.handler=&tps.limit.strategy=&tps.limiter=&warmup="}
{"level":"INFO","time":"2026-01-31 18:07:32","line":"protocol/protocol.go:143","msg":"Exporter unexport."}
{"level":"INFO","time":"2026-01-31 18:07:32","line":"protocol/invoker.go:93","msg":"Destroy invoker: tri://:50051/grpc.health.v1.Health?accesslog=&app.version=&application=order-service&application.tag=&auth=&bean.name=HealthCheckServer&cluster=failover&config.tracing=&environment=&execute.limit=&execute.limit.rejected.handler=&export=true&interface=grpc.health.v1.Health&loadbalance=random&max-server-recv-msg-size=4mib&max-server-send-msg-size=&metadata-type=local&module=sample&name=order-service&organization=dubbo-go&owner=dubbo-go&param.sign=&pid=37709&registry.role=3&release=dubbo-golang-3.2.0&retries=&serialization=&service.filter=echo%2Ctoken%2Caccesslog%2Ctps%2Cgeneric_service%2Cexecute%2Cpshutdown&side=provider&timestamp=1769854028&tps.limit.interval=&tps.limit.rate=&tps.limit.rejected.handler=&tps.limit.strategy=&tps.limiter=&warmup="}
{"level":"INFO","time":"2026-01-31 18:07:32","line":"config/graceful_shutdown.go:155","msg":"Graceful shutdown --- Second Destroy consumer's protocols. "}
{"level":"INFO","time":"2026-01-31 18:07:32","line":"config/graceful_shutdown.go:113","msg":"Graceful shutdown --- Execute the custom callbacks."}
{"level":"INFO","time":"2026-01-31 18:07:32","line":"graceful_shutdown/shutdown.go:141","msg":"Graceful shutdown --- Execute the custom callbacks."}
